// Jest Snapshot v1, https://goo.gl/fbAQLP

exports[`renders correctly 1`] = `
<div
  className="mobile-bar"
>
  <div
    className="show"
    onClick="click"
  >
    <i
      className="fas fa-angle-left"
    />
  </div>
  <div
    className="playing"
  >
    <i
      className="fas fa-music"
    />
  </div>
  <div
    className="hide"
    onClick="click"
  >
    <i
      className="fas fa-angle-right"
    />
  </div>
</div>
`;
